// Jest Snapshot v1, https://goo.gl/fbAQLP

exports[`should throw if not initialized 1`] = `"[tcomb] No database instance found"`;
